// Jest Snapshot v1, https://goo.gl/fbAQLP

exports[`react-tabllist dist files exports modules correctly 1`] = `
Array [
  "default",
]
`;
